[    1108ms] [INFO] %cDownload the React DevTools for a better development experience: https://react.dev/link/react-devtools font-weight:bold @ http://localhost:3200/_next/static/chunks/node_modules_next_dist_1ybzpk2._.js:2489
[    1197ms] [LOG] [HMR] connected @ http://localhost:3200/_next/static/chunks/node_modules_next_dist_1ybzpk2._.js:2489
[    1285ms] [ERROR] Failed to load resource: the server responded with a status of 404 (Not Found) @ http://localhost:3200/favicon.ico:0
[    1349ms] [LOG] [Fast Refresh] rebuilding @ http://localhost:3200/_next/static/chunks/node_modules_next_dist_1ybzpk2._.js:2489
[    1380ms] [LOG] [Fast Refresh] done in 132ms @ http://localhost:3200/_next/static/chunks/node_modules_next_dist_1ybzpk2._.js:2489
[  193256ms] [LOG] [Fast Refresh] rebuilding @ http://localhost:3200/_next/static/chunks/node_modules_next_dist_1ybzpk2._.js:2489
[  194199ms] [LOG] [Fast Refresh] done in 1045ms @ http://localhost:3200/_next/static/chunks/node_modules_next_dist_1ybzpk2._.js:2489
[  194340ms] [LOG] [Fast Refresh] rebuilding @ http://localhost:3200/_next/static/chunks/node_modules_next_dist_1ybzpk2._.js:2489
[  194343ms] [LOG] [Fast Refresh] done in 104ms @ http://localhost:3200/_next/static/chunks/node_modules_next_dist_1ybzpk2._.js:2489
[  215489ms] [LOG] [Fast Refresh] rebuilding @ http://localhost:3200/_next/static/chunks/node_modules_next_dist_1ybzpk2._.js:2489
[  215500ms] [LOG] [Fast Refresh] done in 113ms @ http://localhost:3200/_next/static/chunks/node_modules_next_dist_1ybzpk2._.js:2489
[  244357ms] [ERROR] Failed to load resource: the server responded with a status of 429 (Too Many Requests) @ http://localhost:3200/api/waitlist:0
[  281568ms] [ERROR] WebSocket connection to 'ws://localhost:3200/_next/webpack-hmr?id=W8NVa6H80q1dNrxOspRHf' failed: Error in connection establishment: net::ERR_CONNECTION_REFUSED @ http://localhost:3200/_next/static/chunks/node_modules_next_dist_client_0r5nbpw._.js:13422
[  282571ms] [ERROR] WebSocket connection to 'ws://localhost:3200/_next/webpack-hmr?id=W8NVa6H80q1dNrxOspRHf' failed: Error in connection establishment: net::ERR_CONNECTION_REFUSED @ http://localhost:3200/_next/static/chunks/node_modules_next_dist_client_0r5nbpw._.js:13422
[  283576ms] [ERROR] WebSocket connection to 'ws://localhost:3200/_next/webpack-hmr?id=W8NVa6H80q1dNrxOspRHf' failed: Error in connection establishment: net::ERR_CONNECTION_REFUSED @ http://localhost:3200/_next/static/chunks/node_modules_next_dist_client_0r5nbpw._.js:13422
[  284579ms] [ERROR] WebSocket connection to 'ws://localhost:3200/_next/webpack-hmr?id=W8NVa6H80q1dNrxOspRHf' failed: Error in connection establishment: net::ERR_CONNECTION_REFUSED @ http://localhost:3200/_next/static/chunks/node_modules_next_dist_client_0r5nbpw._.js:13422
[  285581ms] [ERROR] WebSocket connection to 'ws://localhost:3200/_next/webpack-hmr?id=W8NVa6H80q1dNrxOspRHf' failed: Error in connection establishment: net::ERR_CONNECTION_REFUSED @ http://localhost:3200/_next/static/chunks/node_modules_next_dist_client_0r5nbpw._.js:13422
[  290593ms] [ERROR] WebSocket connection to 'ws://localhost:3200/_next/webpack-hmr?id=W8NVa6H80q1dNrxOspRHf' failed: Error in connection establishment: net::ERR_CONNECTION_REFUSED @ http://localhost:3200/_next/static/chunks/node_modules_next_dist_client_0r5nbpw._.js:13422
[  295606ms] [ERROR] WebSocket connection to 'ws://localhost:3200/_next/webpack-hmr?id=W8NVa6H80q1dNrxOspRHf' failed: Error in connection establishment: net::ERR_CONNECTION_REFUSED @ http://localhost:3200/_next/static/chunks/node_modules_next_dist_client_0r5nbpw._.js:13422
[  300629ms] [ERROR] WebSocket connection to 'ws://localhost:3200/_next/webpack-hmr?id=W8NVa6H80q1dNrxOspRHf' failed: Error in connection establishment: net::ERR_CONNECTION_REFUSED @ http://localhost:3200/_next/static/chunks/node_modules_next_dist_client_0r5nbpw._.js:13422
[  305679ms] [LOG] [HMR] connected @ http://localhost:3200/_next/static/chunks/node_modules_next_dist_1ybzpk2._.js:2489
[  306858ms] [INFO] %cDownload the React DevTools for a better development experience: https://react.dev/link/react-devtools font-weight:bold @ http://localhost:3200/_next/static/chunks/node_modules_next_dist_1ybzpk2._.js:2489
[  306897ms] [LOG] [HMR] connected @ http://localhost:3200/_next/static/chunks/node_modules_next_dist_1ybzpk2._.js:2489
