[     752ms] [INFO] %cDownload the React DevTools for a better development experience: https://react.dev/link/react-devtools font-weight:bold @ webpack-internal:///(app-pages-browser)/./node_modules/next/dist/compiled/react-dom/cjs/react-dom-client.development.js:25630
[   76109ms] [LOG] [Fast Refresh] rebuilding @ webpack-internal:///(app-pages-browser)/./node_modules/next/dist/client/dev/hot-reloader/app/hot-reloader-app.js:196
[   76808ms] [LOG] [Fast Refresh] done in 715ms @ webpack-internal:///(app-pages-browser)/./node_modules/next/dist/client/dev/report-hmr-latency.js:13
[   77040ms] [LOG] [Fast Refresh] rebuilding @ webpack-internal:///(app-pages-browser)/./node_modules/next/dist/client/dev/hot-reloader/app/hot-reloader-app.js:196
[   77971ms] [LOG] [Fast Refresh] done in 931ms @ webpack-internal:///(app-pages-browser)/./node_modules/next/dist/client/dev/report-hmr-latency.js:13
[   81861ms] [ERROR] Failed to load resource: the server responded with a status of 500 (Internal Server Error) @ http://localhost:3100/?_rsc=_mjR7ylJSLpkZcZ3:0
[   82127ms] [ERROR] Failed to load resource: the server responded with a status of 500 (Internal Server Error) @ http://localhost:3100/?_rsc=_mjR7ylJSLpkZcZ3:0
[   82369ms] [ERROR] Failed to load resource: the server responded with a status of 500 (Internal Server Error) @ http://localhost:3100/?_rsc=_mjR7ylJSLpkZcZ3:0
[   82725ms] [ERROR] Failed to load resource: the server responded with a status of 500 (Internal Server Error) @ http://localhost:3100/?_rsc=_mjR7ylJSLpkZcZ3:0
[   83131ms] [ERROR] Failed to load resource: the server responded with a status of 500 (Internal Server Error) @ http://localhost:3100/:0
[   83279ms] Error: Minified React error #418; visit https://reactjs.org/docs/error-decoder.html?invariant=418 for the full message or use the non-minified dev environment for full errors and additional helpful warnings.
    at lh (http://localhost:3100/_next/static/chunks/framework-a6e0b7e30f98059a.js:1:56767)
    at i (http://localhost:3100/_next/static/chunks/framework-a6e0b7e30f98059a.js:1:131270)
    at oM (http://localhost:3100/_next/static/chunks/framework-a6e0b7e30f98059a.js:1:109254)
    at oF (http://localhost:3100/_next/static/chunks/framework-a6e0b7e30f98059a.js:1:109124)
    at ow (http://localhost:3100/_next/static/chunks/framework-a6e0b7e30f98059a.js:1:104197)
    at x (http://localhost:3100/_next/static/chunks/framework-a6e0b7e30f98059a.js:1:7799)
    at MessagePort.T (http://localhost:3100/_next/static/chunks/framework-a6e0b7e30f98059a.js:1:8329)
[   83279ms] Error: Minified React error #423; visit https://reactjs.org/docs/error-decoder.html?invariant=423 for the full message or use the non-minified dev environment for full errors and additional helpful warnings.
    at i (http://localhost:3100/_next/static/chunks/framework-a6e0b7e30f98059a.js:1:130929)
    at oM (http://localhost:3100/_next/static/chunks/framework-a6e0b7e30f98059a.js:1:109254)
    at oF (http://localhost:3100/_next/static/chunks/framework-a6e0b7e30f98059a.js:1:109124)
    at oS (http://localhost:3100/_next/static/chunks/framework-a6e0b7e30f98059a.js:1:105895)
    at ow (http://localhost:3100/_next/static/chunks/framework-a6e0b7e30f98059a.js:1:104450)
    at x (http://localhost:3100/_next/static/chunks/framework-a6e0b7e30f98059a.js:1:7799)
    at MessagePort.T (http://localhost:3100/_next/static/chunks/framework-a6e0b7e30f98059a.js:1:8329)
